\BOOKMARK [0][-]{chapter.1}{\376\377\006\251\006\104\006\314\006\047\006\052\000\040\006\176\006\061\006\110\006\230\006\107}{}% 1
\BOOKMARK [1][-]{section.1.1}{\376\377\006\105\006\102\006\057\006\105\006\107}{chapter.1}% 2
\BOOKMARK [1][-]{section.1.2}{\376\377\006\050\006\314\006\047\006\106\000\040\006\105\006\063\006\046\006\104\006\107}{chapter.1}% 3
\BOOKMARK [1][-]{section.1.3}{\376\377\006\105\006\055\006\057\006\110\006\057\006\107\000\040\006\057\006\047\006\057\006\107\040\014\006\107\006\047\006\314\000\040\006\176\006\061\006\110\006\230\006\107}{chapter.1}% 4
\BOOKMARK [2][-]{subsection.1.3.1}{\376\377\006\105\006\054\006\105\006\110\006\071\006\107\040\014\006\057\006\047\006\057\006\107\000\040\006\105\006\052\006\106\006\314}{section.1.3}% 5
\BOOKMARK [2][-]{subsection.1.3.2}{\376\377\006\105\006\054\006\105\006\110\006\071\006\107\040\014\006\057\006\047\006\057\006\107\000\040\006\257\006\101\006\052\006\047\006\061\006\314}{section.1.3}% 6
\BOOKMARK [1][-]{section.1.4}{\376\377\006\047\006\107\006\057\006\047\006\101\000\040\006\176\006\061\006\110\006\230\006\107}{chapter.1}% 7
\BOOKMARK [1][-]{section.1.5}{\376\377\006\251\006\047\006\061\006\050\006\061\006\057\006\107\006\047\006\314\000\040\006\064\006\106\006\047\006\063\006\047\006\314\006\314\000\040\006\062\006\050\006\047\006\106}{chapter.1}% 8
\BOOKMARK [1][-]{section.1.6}{\376\377\006\047\006\050\006\062\006\047\006\061\006\107\006\047\000\040\006\110\000\040\006\101\006\106\006\047\006\110\006\061\006\314\040\014\006\107\006\047\006\314\000\040\006\105\006\110\006\061\006\057\000\040\006\047\006\063\006\052\006\101\006\047\006\057\006\107}{chapter.1}% 9
\BOOKMARK [1][-]{section.1.7}{\376\377\006\106\006\105\006\047\006\314\000\040\006\251\006\104\006\314\000\040\006\105\006\071\006\105\006\047\006\061\006\314\000\040\006\063\006\314\006\063\006\052\006\105}{chapter.1}% 10
\BOOKMARK [1][-]{section.1.8}{\376\377\006\106\006\105\006\047\006\314\000\040\006\251\006\104\006\314\000\040\006\061\006\110\006\106\006\057\000\040\006\047\006\054\006\061\006\047\006\314\000\040\006\176\006\061\006\110\006\230\006\107}{chapter.1}% 11
\BOOKMARK [2][-]{subsection.1.8.1}{\376\377\006\061\006\110\006\106\006\057\000\040\006\047\006\054\006\061\006\047\006\314\000\040\006\105\006\063\006\314\006\061\000\040\006\105\006\052\006\106}{section.1.8}% 12
\BOOKMARK [2][-]{subsection.1.8.2}{\376\377\006\061\006\110\006\106\006\057\000\040\006\047\006\054\006\061\006\047\006\314\000\040\006\105\006\063\006\314\006\061\000\040\006\257\006\101\006\052\006\047\006\061}{section.1.8}% 13
\BOOKMARK [2][-]{subsection.1.8.3}{\376\377\006\061\006\110\006\106\006\057\000\040\006\047\006\061\006\062\006\314\006\047\006\050\006\314}{section.1.8}% 14
\BOOKMARK [0][-]{chapter.2}{\376\377\006\105\006\050\006\047\006\106\006\314\000\040\006\106\006\070\006\061\006\314\000\040\006\110\000\040\006\105\006\101\006\047\006\107\006\314\006\105\000\040\006\176\006\047\006\314\006\107}{}% 15
\BOOKMARK [1][-]{section.2.1}{\376\377\006\105\006\102\006\057\006\105\006\107}{chapter.2}% 16
\BOOKMARK [1][-]{section.2.2}{\376\377\006\064\006\106\006\047\006\063\006\047\006\314\006\314\000\040\006\062\006\050\006\047\006\106\000\040\006\047\006\062\000\040\006\105\006\052\006\106\000\040\006\110\000\040\006\257\006\101\006\052\006\047\006\061}{chapter.2}% 17
\BOOKMARK [2][-]{subsection.2.2.1}{\376\377\006\064\006\106\006\047\006\063\006\047\006\314\006\314\000\040\006\062\006\050\006\047\006\106\000\040\006\047\006\062\000\040\006\105\006\052\006\106}{section.2.2}% 18
\BOOKMARK [2][-]{subsection.2.2.2}{\376\377\006\064\006\106\006\047\006\063\006\047\006\314\006\314\000\040\006\062\006\050\006\047\006\106\000\040\006\047\006\062\000\040\006\257\006\101\006\052\006\047\006\061}{section.2.2}% 19
\BOOKMARK [1][-]{section.2.3}{\376\377\006\314\006\047\006\057\006\257\006\314\006\061\006\314\000\040\006\105\006\047\006\064\006\314\006\106\000\040\006\057\006\061\000\040\006\105\006\063\006\046\006\104\006\107\000\040\006\064\006\106\006\047\006\063\006\047\006\314\006\314\000\040\006\062\006\050\006\047\006\106}{chapter.2}% 20
\BOOKMARK [2][-]{subsection.2.3.1}{\376\377\006\314\006\047\006\057\006\257\006\314\006\061\006\314\000\040\006\106\006\070\006\047\006\061\006\052\040\014\006\064\006\057\006\107}{section.2.3}% 21
\BOOKMARK [2][-]{subsection.2.3.2}{\376\377\006\314\006\047\006\057\006\257\006\314\006\061\006\314\000\040\006\050\006\057\006\110\006\106\000\040\006\106\006\070\006\047\006\061\006\052}{section.2.3}% 22
\BOOKMARK [1][-]{section.2.4}{\376\377\006\047\006\063\006\052\006\056\006\061\006\047\006\054\000\040\006\110\006\314\006\230\006\257\006\314\000\040\006\047\006\062\000\040\006\057\006\047\006\057\006\107\040\014\006\107\006\047\006\314\000\040\006\105\006\052\006\106\006\314}{chapter.2}% 23
\BOOKMARK [2][-]{subsection.2.4.1}{\376\377\006\105\006\101\006\107\006\110\006\105\000\040\000N\000-\000G\000r\000a\000m}{section.2.4}% 24
\BOOKMARK [2][-]{subsection.2.4.2}{\376\377\006\061\006\110\006\064\000\040\000T\000F\000-\000I\000D\000F}{section.2.4}% 25
\BOOKMARK [2][-]{subsection.2.4.3}{\376\377\006\052\006\061\006\251\006\314\006\050\000\040\006\110\006\314\006\230\006\257\006\314\040\014\006\107\006\047\006\314\000\040\006\251\006\047\006\061\006\047\006\251\006\052\006\061\006\314\000\040\006\110\000\040\006\251\006\104\006\105\006\107\040\014\006\047\006\314}{section.2.4}% 26
\BOOKMARK [2][-]{subsection.2.4.4}{\376\377\006\047\006\106\006\052\006\056\006\047\006\050\000\040\006\110\006\314\006\230\006\257\006\314\000\040\006\050\006\047\000\040\000C\000h\000i\000-\000S\000q\000u\000a\000r\000e}{section.2.4}% 27
\BOOKMARK [1][-]{section.2.5}{\376\377\006\047\006\063\006\052\006\056\006\061\006\047\006\054\000\040\006\110\006\314\006\230\006\257\006\314\000\040\006\047\006\062\000\040\006\057\006\047\006\057\006\107\040\014\006\107\006\047\006\314\000\040\006\065\006\110\006\052\006\314}{chapter.2}% 28
\BOOKMARK [2][-]{subsection.2.5.1}{\376\377\006\066\006\061\006\047\006\314\006\050\000\040\000M\000F\000C\000C}{section.2.5}% 29
\BOOKMARK [2][-]{subsection.2.5.2}{\376\377\000D\000e\000l\000t\000a\000\040\000M\000F\000C\000C\000\040\006\110\000\040\000D\000e\000l\000t\000a\000-\000D\000e\000l\000t\000a\000\040\000M\000F\000C\000C}{section.2.5}% 30
\BOOKMARK [2][-]{subsection.2.5.3}{\376\377\000Z\000e\000r\000o\000\040\000C\000r\000o\000s\000s\000i\000n\000g\000\040\000R\000a\000t\000e}{section.2.5}% 31
\BOOKMARK [2][-]{subsection.2.5.4}{\376\377\006\110\006\314\006\230\006\257\006\314\040\014\006\107\006\047\006\314\000\040\006\067\006\314\006\101\006\314}{section.2.5}% 32
\BOOKMARK [2][-]{subsection.2.5.5}{\376\377\000R\000M\000S\000\040\000E\000n\000e\000r\000g\000y}{section.2.5}% 33
\BOOKMARK [2][-]{subsection.2.5.6}{\376\377\006\105\006\057\006\052\000\040\006\062\006\105\006\047\006\106\000\040\006\101\006\047\006\314\006\104\000\040\006\065\006\110\006\052\006\314}{section.2.5}% 34
\BOOKMARK [1][-]{section.2.6}{\376\377\006\047\006\104\006\257\006\110\006\061\006\314\006\052\006\105\040\014\006\107\006\047\006\314\000\040\006\067\006\050\006\102\006\107\040\014\006\050\006\106\006\057\006\314}{chapter.2}% 35
\BOOKMARK [2][-]{subsection.2.6.1}{\376\377\000L\000o\000g\000i\000s\000t\000i\000c\000\040\000R\000e\000g\000r\000e\000s\000s\000i\000o\000n}{section.2.6}% 36
\BOOKMARK [2][-]{subsection.2.6.2}{\376\377\000M\000u\000l\000t\000i\000n\000o\000m\000i\000a\000l\000\040\000N\000a\000i\000v\000e\000\040\000B\000a\000y\000e\000s}{section.2.6}% 37
\BOOKMARK [2][-]{subsection.2.6.3}{\376\377\000D\000e\000c\000i\000s\000i\000o\000n\000\040\000T\000r\000e\000e}{section.2.6}% 38
\BOOKMARK [2][-]{subsection.2.6.4}{\376\377\000S\000u\000p\000p\000o\000r\000t\000\040\000V\000e\000c\000t\000o\000r\000\040\000M\000a\000c\000h\000i\000n\000e}{section.2.6}% 39
\BOOKMARK [2][-]{subsection.2.6.5}{\376\377\000K\000-\000N\000e\000a\000r\000e\000s\000t\000\040\000N\000e\000i\000g\000h\000b\000o\000r\000s}{section.2.6}% 40
\BOOKMARK [2][-]{subsection.2.6.6}{\376\377\000R\000a\000n\000d\000o\000m\000\040\000F\000o\000r\000e\000s\000t}{section.2.6}% 41
\BOOKMARK [1][-]{section.2.7}{\376\377\006\047\006\104\006\257\006\110\006\061\006\314\006\052\006\105\040\014\006\107\006\047\006\314\000\040\006\056\006\110\006\064\006\107\040\014\006\050\006\106\006\057\006\314}{chapter.2}% 42
\BOOKMARK [2][-]{subsection.2.7.1}{\376\377\000K\000-\000M\000e\000a\000n\000s}{section.2.7}% 43
\BOOKMARK [2][-]{subsection.2.7.2}{\376\377\000H\000i\000e\000r\000a\000r\000c\000h\000i\000c\000a\000l\000\040\000C\000l\000u\000s\000t\000e\000r\000i\000n\000g}{section.2.7}% 44
\BOOKMARK [2][-]{subsection.2.7.3}{\376\377\000G\000a\000u\000s\000s\000i\000a\000n\000\040\000M\000i\000x\000t\000u\000r\000e\000\040\000M\000o\000d\000e\000l}{section.2.7}% 45
\BOOKMARK [2][-]{subsection.2.7.4}{\376\377\000D\000B\000S\000C\000A\000N}{section.2.7}% 46
\BOOKMARK [1][-]{section.2.8}{\376\377\006\042\006\105\006\047\006\057\006\107\040\014\006\063\006\047\006\062\006\314\000\040\006\110\000\040\006\251\006\047\006\107\006\064\000\040\006\047\006\050\006\071\006\047\006\057\000\040\006\110\006\314\006\230\006\257\006\314\040\014\006\107\006\047}{chapter.2}% 47
\BOOKMARK [2][-]{subsection.2.8.1}{\376\377\006\047\006\063\006\052\006\047\006\106\006\057\006\047\006\061\006\057\006\063\006\047\006\062\006\314\000\040\006\110\006\314\006\230\006\257\006\314\040\014\006\107\006\047}{section.2.8}% 48
\BOOKMARK [2][-]{subsection.2.8.2}{\376\377\000P\000r\000i\000n\000c\000i\000p\000a\000l\000\040\000C\000o\000m\000p\000o\000n\000e\000n\000t\000\040\000A\000n\000a\000l\000y\000s\000i\000s}{section.2.8}% 49
\BOOKMARK [2][-]{subsection.2.8.3}{\376\377\000T\000r\000u\000n\000c\000a\000t\000e\000d\000\040\000S\000V\000D}{section.2.8}% 50
\BOOKMARK [1][-]{section.2.9}{\376\377\006\052\006\106\006\070\006\314\006\105\000\040\006\110\000\040\006\047\006\071\006\052\006\050\006\047\006\061\006\063\006\106\006\054\006\314\000\040\006\105\006\057\006\104}{chapter.2}% 51
\BOOKMARK [2][-]{subsection.2.9.1}{\376\377\000C\000r\000o\000s\000s\000\040\000V\000a\000l\000i\000d\000a\000t\000i\000o\000n}{section.2.9}% 52
\BOOKMARK [2][-]{subsection.2.9.2}{\376\377\000G\000r\000i\000d\000\040\000S\000e\000a\000r\000c\000h}{section.2.9}% 53
\BOOKMARK [1][-]{section.2.10}{\376\377\006\105\006\071\006\314\006\047\006\061\006\107\006\047\006\314\000\040\006\047\006\061\006\062\006\314\006\047\006\050\006\314\000\040\006\067\006\050\006\102\006\107\040\014\006\050\006\106\006\057\006\314}{chapter.2}% 54
\BOOKMARK [2][-]{subsection.2.10.1}{\376\377\000A\000c\000c\000u\000r\000a\000c\000y}{section.2.10}% 55
\BOOKMARK [2][-]{subsection.2.10.2}{\376\377\000P\000r\000e\000c\000i\000s\000i\000o\000n}{section.2.10}% 56
\BOOKMARK [2][-]{subsection.2.10.3}{\376\377\000R\000e\000c\000a\000l\000l}{section.2.10}% 57
\BOOKMARK [2][-]{subsection.2.10.4}{\376\377\000F\0001\000-\000S\000c\000o\000r\000e}{section.2.10}% 58
\BOOKMARK [2][-]{subsection.2.10.5}{\376\377\006\105\006\314\006\047\006\106\006\257\006\314\006\106\040\014\006\107\006\047\006\314\000\040\000M\000a\000c\000r\000o\000\040\006\110\000\040\000W\000e\000i\000g\000h\000t\000e\000d}{section.2.10}% 59
\BOOKMARK [2][-]{subsection.2.10.6}{\376\377\000C\000o\000n\000f\000u\000s\000i\000o\000n\000\040\000M\000a\000t\000r\000i\000x}{section.2.10}% 60
\BOOKMARK [1][-]{section.2.11}{\376\377\006\105\006\071\006\314\006\047\006\061\006\107\006\047\006\314\000\040\006\047\006\061\006\062\006\314\006\047\006\050\006\314\000\040\006\056\006\110\006\064\006\107\040\014\006\050\006\106\006\057\006\314}{chapter.2}% 61
\BOOKMARK [2][-]{subsection.2.11.1}{\376\377\000S\000i\000l\000h\000o\000u\000e\000t\000t\000e\000\040\000S\000c\000o\000r\000e}{section.2.11}% 62
\BOOKMARK [2][-]{subsection.2.11.2}{\376\377\000C\000a\000l\000i\000n\000s\000k\000i\000-\000H\000a\000r\000a\000b\000a\000s\000z\000\040\000I\000n\000d\000e\000x}{section.2.11}% 63
\BOOKMARK [2][-]{subsection.2.11.3}{\376\377\000D\000a\000v\000i\000e\000s\000-\000B\000o\000u\000l\000d\000i\000n\000\040\000I\000n\000d\000e\000x}{section.2.11}% 64
\BOOKMARK [2][-]{subsection.2.11.4}{\376\377\000C\000l\000u\000s\000t\000e\000r\000\040\000P\000u\000r\000i\000t\000y}{section.2.11}% 65
\BOOKMARK [2][-]{subsection.2.11.5}{\376\377\000A\000d\000j\000u\000s\000t\000e\000d\000\040\000R\000a\000n\000d\000\040\000I\000n\000d\000e\000x}{section.2.11}% 66
\BOOKMARK [2][-]{subsection.2.11.6}{\376\377\000N\000o\000r\000m\000a\000l\000i\000z\000e\000d\000\040\000M\000u\000t\000u\000a\000l\000\040\000I\000n\000f\000o\000r\000m\000a\000t\000i\000o\000n}{section.2.11}% 67
\BOOKMARK [1][-]{section.2.12}{\376\377\006\056\006\104\006\047\006\065\006\107\000\040\006\110\000\040\006\054\006\105\006\071\040\014\006\050\006\106\006\057\006\314}{chapter.2}% 68
\BOOKMARK [0][-]{chapter.3}{\376\377\006\057\006\047\006\057\006\107\040\014\006\107\006\047\000\040\006\110\000\040\006\176\006\314\006\064\040\014\006\176\006\061\006\057\006\047\006\062\006\064}{}% 69
\BOOKMARK [1][-]{section.3.1}{\376\377\006\105\006\102\006\057\006\105\006\107}{chapter.3}% 70
\BOOKMARK [1][-]{section.3.2}{\376\377\006\063\006\047\006\056\006\052\006\047\006\061\000\040\006\251\006\104\006\314\000\040\006\057\006\047\006\057\006\107\040\014\006\107\006\047\006\314\000\040\006\176\006\061\006\110\006\230\006\107}{chapter.3}% 71
\BOOKMARK [1][-]{section.3.3}{\376\377\006\042\006\105\006\047\006\057\006\107\040\014\006\063\006\047\006\062\006\314\000\040\006\057\006\047\006\057\006\107\040\014\006\107\006\047\006\314\000\040\006\105\006\052\006\106\006\314}{chapter.3}% 72
\BOOKMARK [2][-]{subsection.3.3.1}{\376\377\006\063\006\047\006\056\006\052\006\047\006\061\000\040\006\110\000\040\006\052\006\110\006\062\006\314\006\071\000\040\006\057\006\047\006\057\006\107\040\014\006\107\006\047\006\314\000\040\006\105\006\052\006\106\006\314}{section.3.3}% 73
\BOOKMARK [2][-]{subsection.3.3.2}{\376\377\006\050\006\047\006\061\006\257\006\060\006\047\006\061\006\314\000\040\006\110\000\040\006\050\006\061\006\206\006\063\006\050\040\014\006\257\006\060\006\047\006\061\006\314\000\040\006\057\006\047\006\057\006\107\040\014\006\107\006\047\006\314\000\040\006\105\006\052\006\106\006\314}{section.3.3}% 74
\BOOKMARK [2][-]{subsection.3.3.3}{\376\377\006\176\006\047\006\251\040\014\006\063\006\047\006\062\006\314\000\040\006\105\006\052\006\110\006\106}{section.3.3}% 75
\BOOKMARK [2][-]{subsection.3.3.4}{\376\377\006\052\006\050\006\057\006\314\006\104\000\040\006\105\006\052\006\110\006\106\000\040\006\050\006\107\000\040\006\101\006\066\006\047\006\314\000\040\006\110\006\314\006\230\006\257\006\314}{section.3.3}% 76
\BOOKMARK [2][-]{subsection.3.3.5}{\376\377\006\042\006\105\006\047\006\057\006\107\040\014\006\063\006\047\006\062\006\314\000\040\006\050\006\061\006\206\006\063\006\050\040\014\006\107\006\047\000\040\006\110\000\040\006\047\006\106\006\052\006\056\006\047\006\050\000\040\006\110\006\314\006\230\006\257\006\314}{section.3.3}% 77
\BOOKMARK [2][-]{subsection.3.3.6}{\376\377\006\054\006\104\006\110\006\257\006\314\006\061\006\314\000\040\006\047\006\062\000\040\006\106\006\064\006\052\000\040\006\047\006\067\006\104\006\047\006\071\006\047\006\052\000\040\006\057\006\061\000\040\006\050\006\056\006\064\000\040\006\105\006\052\006\106}{section.3.3}% 78
\BOOKMARK [2][-]{subsection.3.3.7}{\376\377\006\056\006\061\006\110\006\054\006\314\040\014\006\107\006\047\006\314\000\040\006\105\006\061\006\055\006\104\006\107\000\040\006\042\006\105\006\047\006\057\006\107\040\014\006\063\006\047\006\062\006\314\000\040\006\105\006\052\006\106}{section.3.3}% 79
\BOOKMARK [1][-]{section.3.4}{\376\377\006\042\006\105\006\047\006\057\006\107\040\014\006\063\006\047\006\062\006\314\000\040\006\057\006\047\006\057\006\107\040\014\006\107\006\047\006\314\000\040\006\257\006\101\006\052\006\047\006\061\006\314}{chapter.3}% 80
\BOOKMARK [2][-]{subsection.3.4.1}{\376\377\006\063\006\047\006\056\006\052\006\047\006\061\000\040\006\110\000\040\006\052\006\110\006\062\006\314\006\071\000\040\006\057\006\047\006\057\006\107\040\014\006\107\006\047\006\314\000\040\006\065\006\110\006\052\006\314}{section.3.4}% 81
\BOOKMARK [2][-]{subsection.3.4.2}{\376\377\006\047\006\063\006\052\006\047\006\106\006\057\006\047\006\061\006\057\006\063\006\047\006\062\006\314\000\040\006\101\006\047\006\314\006\104\040\014\006\107\006\047\006\314\000\040\006\065\006\110\006\052\006\314}{section.3.4}% 82
\BOOKMARK [2][-]{subsection.3.4.3}{\376\377\006\047\006\314\006\054\006\047\006\057\000\040\006\101\006\047\006\314\006\104\000\040\006\101\006\061\006\047\006\057\006\047\006\057\006\107}{section.3.4}% 83
\BOOKMARK [2][-]{subsection.3.4.4}{\376\377\006\176\006\314\006\047\006\057\006\107\040\014\006\063\006\047\006\062\006\314\000\040\006\047\006\063\006\052\006\056\006\061\006\047\006\054\000\040\006\110\006\314\006\230\006\257\006\314\040\014\006\107\006\047\006\314\000\040\006\065\006\110\006\052\006\314}{section.3.4}% 84
\BOOKMARK [2][-]{subsection.3.4.5}{\376\377\006\251\006\106\006\052\006\061\006\104\000\040\006\251\006\314\006\101\006\314\006\052\000\040\006\110\006\314\006\230\006\257\006\314\040\014\006\107\006\047\006\314\000\040\006\065\006\110\006\052\006\314}{section.3.4}% 85
\BOOKMARK [2][-]{subsection.3.4.6}{\376\377\006\050\006\061\006\061\006\063\006\314\000\040\006\105\006\057\006\052\000\040\006\062\006\105\006\047\006\106\000\040\006\106\006\105\006\110\006\106\006\107\040\014\006\107\006\047\006\314\000\040\006\065\006\110\006\052\006\314}{section.3.4}% 86
\BOOKMARK [1][-]{section.3.5}{\376\377\006\057\006\047\006\057\006\107\040\014\006\107\006\047\006\314\000\040\006\106\006\107\006\047\006\314\006\314\000\040\006\042\006\105\006\047\006\057\006\107\000\040\006\050\006\061\006\047\006\314\000\040\006\105\006\057\006\104\040\014\006\063\006\047\006\062\006\314}{chapter.3}% 87
\BOOKMARK [1][-]{section.3.6}{\376\377\006\056\006\104\006\047\006\065\006\107\000\040\006\110\000\040\006\054\006\105\006\071\040\014\006\050\006\106\006\057\006\314}{chapter.3}% 88
\BOOKMARK [0][-]{chapter.4}{\376\377\006\176\006\314\006\047\006\057\006\107\040\014\006\063\006\047\006\062\006\314\000\040\006\110\000\040\006\106\006\052\006\047\006\314\006\054}{}% 89
\BOOKMARK [1][-]{section.4.1}{\376\377\006\176\006\314\006\047\006\057\006\107\040\014\006\063\006\047\006\062\006\314\000\040\006\050\006\056\006\064\000\040\006\064\006\106\006\047\006\063\006\047\006\314\006\314\000\040\006\062\006\050\006\047\006\106\000\040\006\047\006\062\000\040\006\105\006\052\006\106}{chapter.4}% 90
\BOOKMARK [2][-]{subsection.4.1.1}{\376\377\006\105\006\071\006\105\006\047\006\061\006\314\000\040\006\056\006\067\000\040\006\104\006\110\006\104\006\107\000\040\006\176\006\061\006\057\006\047\006\062\006\064\000\040\006\105\006\052\006\106}{section.4.1}% 91
\BOOKMARK [2][-]{subsection.4.1.2}{\376\377\006\050\006\047\006\061\006\257\006\060\006\047\006\061\006\314\000\040\006\110\000\040\006\042\006\105\006\047\006\057\006\107\040\014\006\063\006\047\006\062\006\314\000\040\006\057\006\047\006\057\006\107\040\014\006\107\006\047\006\314\000\040\006\105\006\052\006\106\006\314}{section.4.1}% 92
\BOOKMARK [2][-]{subsection.4.1.3}{\376\377\006\176\006\314\006\064\040\014\006\176\006\061\006\057\006\047\006\062\006\064\000\040\006\057\006\047\006\057\006\107\040\014\006\107\006\047\006\314\000\040\006\105\006\052\006\106\006\314}{section.4.1}% 93
\BOOKMARK [2][-]{subsection.4.1.4}{\376\377\006\047\006\063\006\052\006\056\006\061\006\047\006\054\000\040\006\110\006\314\006\230\006\257\006\314\040\014\006\107\006\047\006\314\000\040\006\105\006\052\006\106\006\314}{section.4.1}% 94
\BOOKMARK [2][-]{subsection.4.1.5}{\376\377\006\047\006\106\006\052\006\056\006\047\006\050\000\040\006\110\006\314\006\230\006\257\006\314\000\040\006\057\006\061\000\040\006\105\006\063\006\314\006\061\000\040\006\067\006\050\006\102\006\107\040\014\006\050\006\106\006\057\006\314}{section.4.1}% 95
\BOOKMARK [2][-]{subsection.4.1.6}{\376\377\006\052\006\102\006\063\006\314\006\105\000\040\006\057\006\047\006\057\006\107\040\014\006\107\006\047\000\040\006\110\000\040\006\047\006\071\006\052\006\050\006\047\006\061\006\063\006\106\006\054\006\314}{section.4.1}% 96
\BOOKMARK [2][-]{subsection.4.1.7}{\376\377\006\042\006\105\006\047\006\057\006\107\040\014\006\063\006\047\006\062\006\314\000\040\006\057\006\047\006\057\006\107\000\040\006\050\006\061\006\047\006\314\000\040\006\047\006\104\006\257\006\110\006\061\006\314\006\052\006\105\040\014\006\107\006\047\006\314\000\040\006\314\006\047\006\057\006\257\006\314\006\061\006\314}{section.4.1}% 97
\BOOKMARK [1][-]{section.4.2}{\376\377\006\067\006\050\006\102\006\107\040\014\006\050\006\106\006\057\006\314\000\040\006\057\006\047\006\057\006\107\040\014\006\107\006\047\006\314\000\040\006\105\006\052\006\106\006\314}{chapter.4}% 98
\BOOKMARK [2][-]{subsection.4.2.1}{\376\377\006\067\006\061\006\047\006\055\006\314\000\040\006\101\006\061\006\047\006\314\006\106\006\057\000\040\006\042\006\105\006\110\006\062\006\064\000\040\006\105\006\057\006\104}{section.4.2}% 99
\BOOKMARK [2][-]{subsection.4.2.2}{\376\377\006\105\006\057\006\104\040\014\006\107\006\047\006\314\000\040\006\067\006\050\006\102\006\107\040\014\006\050\006\106\006\057\006\314\000\040\006\050\006\061\006\061\006\063\006\314\040\014\006\064\006\057\006\107}{section.4.2}% 100
\BOOKMARK [2][-]{subsection.4.2.3}{\376\377\006\052\006\106\006\070\006\314\006\105\000\040\006\047\006\050\006\061\006\176\006\047\006\061\006\047\006\105\006\052\006\061\006\107\006\047\000\040\006\110\000\040\006\047\006\106\006\052\006\056\006\047\006\050\000\040\006\105\006\057\006\104\000\040\006\106\006\107\006\047\006\314\006\314}{section.4.2}% 101
\BOOKMARK [2][-]{subsection.4.2.4}{\376\377\006\047\006\061\006\062\006\314\006\047\006\050\006\314\000\040\006\105\006\057\006\104\040\014\006\107\006\047\000\040\006\061\006\110\006\314\000\040\006\105\006\054\006\105\006\110\006\071\006\107\000\040\006\042\006\062\006\105\006\110\006\106}{section.4.2}% 102
\BOOKMARK [2][-]{subsection.4.2.5}{\376\377\006\047\006\061\006\062\006\314\006\047\006\050\006\314\000\040\006\105\006\057\006\104\000\040\006\105\006\106\006\052\006\056\006\050\000\040\006\061\006\110\006\314\000\040\006\105\006\054\006\105\006\110\006\071\006\107\000\040\006\042\006\062\006\105\006\110\006\106}{section.4.2}% 103
\BOOKMARK [2][-]{subsection.4.2.6}{\376\377\006\052\006\055\006\104\006\314\006\104\000\040\006\105\006\047\006\052\006\061\006\314\006\063\040\014\006\107\006\047\006\314\000\040\006\057\006\061\006\107\006\105\040\014\006\061\006\314\006\056\006\052\006\257\006\314\000\040\006\105\006\057\006\104\040\014\006\107\006\047\006\314\000\040\006\067\006\050\006\102\006\107\040\014\006\050\006\106\006\057\006\314}{section.4.2}% 104
\BOOKMARK [2][-]{subsection.4.2.7}{\376\377\006\060\006\056\006\314\006\061\006\107\040\014\006\063\006\047\006\062\006\314\000\040\006\105\006\057\006\104\000\040\006\106\006\107\006\047\006\314\006\314\000\040\006\110\000\040\006\176\006\314\006\064\040\014\006\050\006\314\006\106\006\314}{section.4.2}% 105
\BOOKMARK [1][-]{section.4.3}{\376\377\006\056\006\110\006\064\006\107\040\014\006\050\006\106\006\057\006\314\000\040\006\057\006\047\006\057\006\107\040\014\006\107\006\047\006\314\000\040\006\105\006\052\006\106\006\314}{chapter.4}% 106
\BOOKMARK [2][-]{subsection.4.3.1}{\376\377\006\067\006\061\006\047\006\055\006\314\000\040\006\101\006\061\006\047\006\314\006\106\006\057\000\040\006\056\006\110\006\064\006\107\040\014\006\050\006\106\006\057\006\314\000\040\006\105\006\052\006\106}{section.4.3}% 107
\BOOKMARK [2][-]{subsection.4.3.2}{\376\377\006\176\006\314\006\047\006\057\006\107\040\014\006\063\006\047\006\062\006\314\000\040\006\047\006\104\006\257\006\110\006\061\006\314\006\052\006\105\040\014\006\107\006\047\006\314\000\040\006\056\006\110\006\064\006\107\040\014\006\050\006\106\006\057\006\314}{section.4.3}% 108
\BOOKMARK [2][-]{subsection.4.3.3}{\376\377\006\106\006\052\006\047\006\314\006\054\000\040\006\047\006\061\006\062\006\314\006\047\006\050\006\314\000\040\006\047\006\104\006\257\006\110\006\061\006\314\006\052\006\105\040\014\006\107\006\047\006\314\000\040\006\056\006\110\006\064\006\107\040\014\006\050\006\106\006\057\006\314\000\040\006\105\006\052\006\106}{section.4.3}% 109
\BOOKMARK [2][-]{subsection.4.3.4}{\376\377\006\052\006\055\006\104\006\314\006\104\000\040\006\106\006\105\006\110\006\057\006\047\006\061\006\107\006\047\006\314\000\040\006\056\006\110\006\064\006\107\040\014\006\050\006\106\006\057\006\314\000\040\006\105\006\052\006\106}{section.4.3}% 110
\BOOKMARK [2][-]{subsection.4.3.5}{\376\377\006\054\006\105\006\071\040\014\006\050\006\106\006\057\006\314\000\040\006\056\006\110\006\064\006\107\040\014\006\050\006\106\006\057\006\314\000\040\006\057\006\047\006\057\006\107\040\014\006\107\006\047\006\314\000\040\006\105\006\052\006\106\006\314}{section.4.3}% 111
\BOOKMARK [1][-]{section.4.4}{\376\377\006\176\006\314\006\047\006\057\006\107\040\014\006\063\006\047\006\062\006\314\000\040\006\050\006\056\006\064\000\040\006\064\006\106\006\047\006\063\006\047\006\314\006\314\000\040\006\062\006\050\006\047\006\106\000\040\006\047\006\062\000\040\006\257\006\101\006\052\006\047\006\061}{chapter.4}% 112
\BOOKMARK [2][-]{subsection.4.4.1}{\376\377\006\105\006\071\006\105\006\047\006\061\006\314\000\040\006\056\006\067\000\040\006\104\006\110\006\104\006\107\000\040\006\176\006\061\006\057\006\047\006\062\006\064\000\040\006\257\006\101\006\052\006\047\006\061}{section.4.4}% 113
\BOOKMARK [2][-]{subsection.4.4.2}{\376\377\006\050\006\047\006\061\006\257\006\060\006\047\006\061\006\314\000\040\006\110\000\040\006\042\006\105\006\047\006\057\006\107\040\014\006\063\006\047\006\062\006\314\000\040\006\057\006\047\006\057\006\107\040\014\006\107\006\047\006\314\000\040\006\257\006\101\006\052\006\047\006\061\006\314}{section.4.4}% 114
\BOOKMARK [2][-]{subsection.4.4.3}{\376\377\006\047\006\071\006\052\006\050\006\047\006\061\006\063\006\106\006\054\006\314\000\040\006\110\000\040\006\176\006\314\006\064\040\014\006\176\006\061\006\057\006\047\006\062\006\064\000\040\006\057\006\047\006\057\006\107\040\014\006\107\006\047\006\314\000\040\006\065\006\110\006\052\006\314}{section.4.4}% 115
\BOOKMARK [2][-]{subsection.4.4.4}{\376\377\006\110\006\314\006\230\006\257\006\314\040\014\006\107\006\047\006\314\000\040\006\065\006\110\006\052\006\314\000\040\006\047\006\063\006\052\006\101\006\047\006\057\006\107\040\014\006\064\006\057\006\107}{section.4.4}% 116
\BOOKMARK [2][-]{subsection.4.4.5}{\376\377\006\047\006\063\006\052\006\047\006\106\006\057\006\047\006\061\006\057\006\063\006\047\006\062\006\314\000\040\006\110\000\040\006\042\006\105\006\047\006\057\006\107\040\014\006\063\006\047\006\062\006\314\000\040\006\110\006\314\006\230\006\257\006\314\040\014\006\107\006\047}{section.4.4}% 117
\BOOKMARK [2][-]{subsection.4.4.6}{\376\377\006\052\006\102\006\063\006\314\006\105\000\040\006\057\006\047\006\057\006\107\040\014\006\107\006\047\000\040\006\110\000\040\006\047\006\071\006\052\006\050\006\047\006\061\006\063\006\106\006\054\006\314}{section.4.4}% 118
\BOOKMARK [2][-]{subsection.4.4.7}{\376\377\006\042\006\105\006\047\006\057\006\107\040\014\006\063\006\047\006\062\006\314\000\040\006\057\006\047\006\057\006\107\000\040\006\050\006\061\006\047\006\314\000\040\006\047\006\104\006\257\006\110\006\061\006\314\006\052\006\105\040\014\006\107\006\047\006\314\000\040\006\314\006\047\006\057\006\257\006\314\006\061\006\314}{section.4.4}% 119
\BOOKMARK [1][-]{section.4.5}{\376\377\006\067\006\050\006\102\006\107\040\014\006\050\006\106\006\057\006\314\000\040\006\257\006\101\006\052\006\047\006\061}{chapter.4}% 120
\BOOKMARK [2][-]{subsection.4.5.1}{\376\377\006\067\006\061\006\047\006\055\006\314\000\040\006\101\006\061\006\042\006\314\006\106\006\057\000\040\006\042\006\105\006\110\006\062\006\064\000\040\006\105\006\057\006\104\000\040\006\067\006\050\006\102\006\107\040\014\006\050\006\106\006\057\006\314\000\040\006\257\006\101\006\052\006\047\006\061}{section.4.5}% 121
\BOOKMARK [2][-]{subsection.4.5.2}{\376\377\006\105\006\057\006\104\040\014\006\107\006\047\006\314\000\040\006\067\006\050\006\102\006\107\040\014\006\050\006\106\006\057\006\314\000\040\006\050\006\061\006\061\006\063\006\314\040\014\006\064\006\057\006\107}{section.4.5}% 122
\BOOKMARK [2][-]{subsection.4.5.3}{\376\377\006\052\006\106\006\070\006\314\006\105\000\040\006\047\006\050\006\061\006\176\006\047\006\061\006\047\006\105\006\052\006\061\006\107\006\047\000\040\006\110\000\040\006\047\006\106\006\052\006\056\006\047\006\050\000\040\006\105\006\057\006\104\000\040\006\106\006\107\006\047\006\314\006\314}{section.4.5}% 123
\BOOKMARK [2][-]{subsection.4.5.4}{\376\377\006\105\006\102\006\047\006\314\006\063\006\107\000\040\006\071\006\105\006\104\006\251\006\061\006\057\000\040\006\105\006\057\006\104\040\014\006\107\006\047\006\314\000\040\006\067\006\050\006\102\006\107\040\014\006\050\006\106\006\057\006\314\000\040\006\257\006\101\006\052\006\047\006\061}{section.4.5}% 124
\BOOKMARK [2][-]{subsection.4.5.5}{\376\377\006\047\006\061\006\062\006\314\006\047\006\050\006\314\000\040\006\105\006\057\006\104\000\040\006\105\006\106\006\052\006\056\006\050\000\040\006\061\006\110\006\314\000\040\006\057\006\047\006\057\006\107\000\040\006\042\006\062\006\105\006\110\006\106}{section.4.5}% 125
\BOOKMARK [2][-]{subsection.4.5.6}{\376\377\006\052\006\055\006\104\006\314\006\104\000\040\006\105\006\047\006\052\006\061\006\314\006\063\000\040\006\057\006\061\006\107\006\105\040\014\006\061\006\314\006\056\006\052\006\257\006\314}{section.4.5}% 126
\BOOKMARK [2][-]{subsection.4.5.7}{\376\377\006\060\006\056\006\314\006\061\006\107\040\014\006\063\006\047\006\062\006\314\000\040\006\105\006\057\006\104\000\040\006\110\000\040\006\101\006\061\006\042\006\314\006\106\006\057\000\040\006\176\006\314\006\064\040\014\006\050\006\314\006\106\006\314}{section.4.5}% 127
\BOOKMARK [2][-]{subsection.4.5.8}{\376\377\006\054\006\105\006\071\040\014\006\050\006\106\006\057\006\314\000\040\006\050\006\056\006\064\000\040\006\067\006\050\006\102\006\107\040\014\006\050\006\106\006\057\006\314\000\040\006\257\006\101\006\052\006\047\006\061}{section.4.5}% 128
\BOOKMARK [1][-]{section.4.6}{\376\377\006\056\006\110\006\064\006\107\040\014\006\050\006\106\006\057\006\314\000\040\006\257\006\101\006\052\006\047\006\061}{chapter.4}% 129
\BOOKMARK [2][-]{subsection.4.6.1}{\376\377\006\067\006\061\006\047\006\055\006\314\000\040\006\101\006\061\006\042\006\314\006\106\006\057\000\040\006\056\006\110\006\064\006\107\040\014\006\050\006\106\006\057\006\314\000\040\006\257\006\101\006\052\006\047\006\061}{section.4.6}% 130
\BOOKMARK [2][-]{subsection.4.6.2}{\376\377\006\042\006\105\006\047\006\057\006\107\040\014\006\063\006\047\006\062\006\314\000\040\006\110\006\314\006\230\006\257\006\314\040\014\006\107\006\047\006\314\000\040\006\065\006\110\006\052\006\314\000\040\006\050\006\061\006\047\006\314\000\040\006\056\006\110\006\064\006\107\040\014\006\050\006\106\006\057\006\314}{section.4.6}% 131
\BOOKMARK [2][-]{subsection.4.6.3}{\376\377\006\176\006\314\006\047\006\057\006\107\040\014\006\063\006\047\006\062\006\314\000\040\006\047\006\104\006\257\006\110\006\061\006\314\006\052\006\105\040\014\006\107\006\047\006\314\000\040\006\056\006\110\006\064\006\107\040\014\006\050\006\106\006\057\006\314}{section.4.6}% 132
\BOOKMARK [2][-]{subsection.4.6.4}{\376\377\006\105\006\102\006\047\006\314\006\063\006\107\000\040\006\106\006\052\006\047\006\314\006\054\000\040\006\047\006\104\006\257\006\110\006\061\006\314\006\052\006\105\040\014\006\107\006\047\006\314\000\040\006\056\006\110\006\064\006\107\040\014\006\050\006\106\006\057\006\314\000\040\006\257\006\101\006\052\006\047\006\061}{section.4.6}% 133
\BOOKMARK [2][-]{subsection.4.6.5}{\376\377\006\052\006\055\006\104\006\314\006\104\000\040\006\106\006\105\006\110\006\057\006\047\006\061\006\107\006\047\006\314\000\040\006\056\006\110\006\064\006\107\040\014\006\050\006\106\006\057\006\314}{section.4.6}% 134
\BOOKMARK [2][-]{subsection.4.6.6}{\376\377\006\052\006\055\006\104\006\314\006\104\000\040\006\106\006\107\006\047\006\314\006\314\000\040\006\056\006\110\006\064\006\107\040\014\006\050\006\106\006\057\006\314\000\040\006\257\006\101\006\052\006\047\006\061}{section.4.6}% 135
\BOOKMARK [1][-]{section.4.7}{\376\377\006\047\006\061\006\062\006\314\006\047\006\050\006\314\000\040\006\110\000\040\006\105\006\102\006\047\006\314\006\063\006\107\000\040\006\106\006\052\006\047\006\314\006\054}{chapter.4}% 136
\BOOKMARK [1][-]{section.4.8}{\376\377\006\052\006\055\006\104\006\314\006\104\000\040\006\106\006\052\006\047\006\314\006\054\000\040\006\106\006\107\006\047\006\314\006\314}{chapter.4}% 137
\BOOKMARK [0][-]{chapter.5}{\376\377\006\106\006\052\006\314\006\054\006\107\040\014\006\257\006\314\006\061\006\314\000\040\006\110\000\040\006\176\006\314\006\064\006\106\006\107\006\047\006\057\006\107\006\047}{}% 138
\BOOKMARK [1][-]{section.5.1}{\376\377\006\054\006\105\006\071\040\014\006\050\006\106\006\057\006\314\000\040\006\176\006\061\006\110\006\230\006\107}{chapter.5}% 139
\BOOKMARK [1][-]{section.5.2}{\376\377\006\105\006\107\006\105\040\014\006\052\006\061\006\314\006\106\000\040\006\106\006\052\006\047\006\314\006\054}{chapter.5}% 140
\BOOKMARK [1][-]{section.5.3}{\376\377\006\105\006\055\006\057\006\110\006\057\006\314\006\052\040\014\006\107\006\047\006\314\000\040\006\176\006\061\006\110\006\230\006\107}{chapter.5}% 141
\BOOKMARK [1][-]{section.5.4}{\376\377\006\176\006\314\006\064\006\106\006\107\006\047\006\057\000\040\006\050\006\061\006\047\006\314\000\040\006\052\006\110\006\063\006\071\006\107\000\040\006\042\006\314\006\106\006\057\006\107}{chapter.5}% 142
\BOOKMARK [0][-]{chapter.6}{\376\377\006\105\006\061\006\047\006\054\006\071}{}% 143
