This is XeTeX, Version 3.141592653-2.6-0.999997 (MiKTeX 25.4) (preloaded format=xelatex 2025.12.14)  4 SEP 2026 18:44
entering extended mode
 restricted \write18 enabled.
 %&-line parsing enabled.
**./report.tex
(report.tex
LaTeX2e <2025-11-01>
L3 programming layer <2025-11-06>
(C:\Users\avash\AppData\Local\Programs\MiKTeX\tex/latex/base\report.cls
Document Class: report 2025/01/22 v1.4n Standard LaTeX document class
(C:\Users\avash\AppData\Local\Programs\MiKTeX\tex/latex/base\size12.clo
File: size12.clo 2025/01/22 v1.4n Standard LaTeX file (size option)
)
\c@part=\count271
\c@chapter=\count272
\c@section=\count273
\c@subsection=\count274
\c@subsubsection=\count275
\c@paragraph=\count276
\c@subparagraph=\count277
\c@figure=\count278
\c@table=\count279
\abovecaptionskip=\skip49
\belowcaptionskip=\skip50
\bibindent=\dimen148
)
(C:\Users\avash\AppData\Local\Programs\MiKTeX\tex/latex/geometry\geometry.sty
Package: geometry 2020/01/02 v5.9 Page Geometry

(C:\Users\avash\AppData\Local\Programs\MiKTeX\tex/latex/graphics\keyval.sty
Package: keyval 2022/05/29 v1.15 key=value parser (DPC)
\KV@toks@=\toks17
)
(C:\Users\avash\AppData\Local\Programs\MiKTeX\tex/generic/iftex\ifvtex.sty
Package: ifvtex 2019/10/25 v1.7 ifvtex legacy package. Use iftex instead.

(C:\Users\avash\AppData\Local\Programs\MiKTeX\tex/generic/iftex\iftex.sty
Package: iftex 2024/12/12 v1.0g TeX engine tests
))
\Gm@cnth=\count280
\Gm@cntv=\count281
\c@Gm@tempcnt=\count282
\Gm@bindingoffset=\dimen149
\Gm@wd@mp=\dimen150
\Gm@odd@mp=\dimen151
\Gm@even@mp=\dimen152
\Gm@layoutwidth=\dimen153
\Gm@layoutheight=\dimen154
\Gm@layouthoffset=\dimen155
\Gm@layoutvoffset=\dimen156
\Gm@dimlist=\toks18

(C:\Users\avash\AppData\Local\Programs\MiKTeX\tex/latex/geometry\geometry.cfg))
(C:\Users\avash\AppData\Local\Programs\MiKTeX\tex/latex/graphics\graphicx.sty
Package: graphicx 2024/12/31 v1.2e Enhanced LaTeX Graphics (DPC,SPQR)

(C:\Users\avash\AppData\Local\Programs\MiKTeX\tex/latex/graphics\graphics.sty
Package: graphics 2024/08/06 v1.4g Standard LaTeX Graphics (DPC,SPQR)

(C:\Users\avash\AppData\Local\Programs\MiKTeX\tex/latex/graphics\trig.sty
Package: trig 2023/12/02 v1.11 sin cos tan (DPC)
)
(C:\Users\avash\AppData\Local\Programs\MiKTeX\tex/latex/graphics-cfg\graphics.c
fg
File: graphics.cfg 2016/06/04 v1.11 sample graphics configuration
)
Package graphics Info: Driver file: xetex.def on input line 106.

(C:\Users\avash\AppData\Local\Programs\MiKTeX\tex/latex/graphics-def\xetex.def
File: xetex.def 2025/11/01 v5.0p Graphics/color driver for xetex
))
\Gin@req@height=\dimen157
\Gin@req@width=\dimen158
) (C:\Users\avash\AppData\Local\Programs\MiKTeX\tex/latex/amsmath\amsmath.sty
Package: amsmath 2025/07/09 v2.17z AMS math features
\@mathmargin=\skip51

For additional information on amsmath, use the `?' option.
(C:\Users\avash\AppData\Local\Programs\MiKTeX\tex/latex/amsmath\amstext.sty
Package: amstext 2024/11/17 v2.01 AMS text

(C:\Users\avash\AppData\Local\Programs\MiKTeX\tex/latex/amsmath\amsgen.sty
File: amsgen.sty 1999/11/30 v2.0 generic functions
\@emptytoks=\toks19
\ex@=\dimen159
))
(C:\Users\avash\AppData\Local\Programs\MiKTeX\tex/latex/amsmath\amsbsy.sty
Package: amsbsy 1999/11/29 v1.2d Bold Symbols
\pmbraise@=\dimen160
)
(C:\Users\avash\AppData\Local\Programs\MiKTeX\tex/latex/amsmath\amsopn.sty
Package: amsopn 2022/04/08 v2.04 operator names
)
\inf@bad=\count283
LaTeX Info: Redefining \frac on input line 233.
\uproot@=\count284
\leftroot@=\count285
LaTeX Info: Redefining \overline on input line 398.
LaTeX Info: Redefining \colon on input line 409.
\classnum@=\count286
\DOTSCASE@=\count287
LaTeX Info: Redefining \ldots on input line 495.
LaTeX Info: Redefining \dots on input line 498.
LaTeX Info: Redefining \cdots on input line 619.
\Mathstrutbox@=\box53
\strutbox@=\box54
LaTeX Info: Redefining \big on input line 721.
LaTeX Info: Redefining \Big on input line 722.
LaTeX Info: Redefining \bigg on input line 723.
LaTeX Info: Redefining \Bigg on input line 724.
\big@size=\dimen161
LaTeX Font Info:    Redeclaring font encoding OML on input line 742.
LaTeX Font Info:    Redeclaring font encoding OMS on input line 743.
\macc@depth=\count288
LaTeX Info: Redefining \bmod on input line 904.
LaTeX Info: Redefining \pmod on input line 909.
LaTeX Info: Redefining \smash on input line 939.
LaTeX Info: Redefining \relbar on input line 969.
LaTeX Info: Redefining \Relbar on input line 970.
\c@MaxMatrixCols=\count289
\dotsspace@=\muskip17
\c@parentequation=\count290
\dspbrk@lvl=\count291
\tag@help=\toks20
\row@=\count292
\column@=\count293
\maxfields@=\count294
\andhelp@=\toks21
\eqnshift@=\dimen162
\alignsep@=\dimen163
\tagshift@=\dimen164
\tagwidth@=\dimen165
\totwidth@=\dimen166
\lineht@=\dimen167
\@envbody=\toks22
\multlinegap=\skip52
\multlinetaggap=\skip53
\mathdisplay@stack=\toks23
LaTeX Info: Redefining \[ on input line 2950.
LaTeX Info: Redefining \] on input line 2951.
)
(C:\Users\avash\AppData\Local\Programs\MiKTeX\tex/latex/amsfonts\amssymb.sty
Package: amssymb 2013/01/14 v3.01 AMS font symbols

(C:\Users\avash\AppData\Local\Programs\MiKTeX\tex/latex/amsfonts\amsfonts.sty
Package: amsfonts 2013/01/14 v3.01 Basic AMSFonts support
\symAMSa=\mathgroup4
\symAMSb=\mathgroup5
LaTeX Font Info:    Redeclaring math symbol \hbar on input line 98.
LaTeX Font Info:    Overwriting math alphabet `\mathfrak' in version `bold'
(Font)                  U/euf/m/n --> U/euf/b/n on input line 106.
)) (C:\Users\avash\AppData\Local\Programs\MiKTeX\tex/latex/booktabs\booktabs.st
y
Package: booktabs 2020/01/12 v1.61803398 Publication quality tables
\heavyrulewidth=\dimen168
\lightrulewidth=\dimen169
\cmidrulewidth=\dimen170
\belowrulesep=\dimen171
\belowbottomsep=\dimen172
\aboverulesep=\dimen173
\abovetopsep=\dimen174
\cmidrulesep=\dimen175
\cmidrulekern=\dimen176
\defaultaddspace=\dimen177
\@cmidla=\count295
\@cmidlb=\count296
\@aboverulesep=\dimen178
\@belowrulesep=\dimen179
\@thisruleclass=\count297
\@lastruleclass=\count298
\@thisrulewidth=\dimen180
) (C:\Users\avash\AppData\Local\Programs\MiKTeX\tex/latex/tools\array.sty
Package: array 2025/09/25 v2.6n Tabular extension package (FMi)
\col@sep=\dimen181
\ar@mcellbox=\box55
\extrarowheight=\dimen182
\NC@list=\toks24
\extratabsurround=\skip54
\backup@length=\skip55
\ar@cellbox=\box56
)
(C:\Users\avash\AppData\Local\Programs\MiKTeX\tex/latex/tools\longtable.sty
Package: longtable 2025-10-13 v4.24 Multi-page Table package (DPC)
\LTleft=\skip56
\LTright=\skip57
\LTpre=\skip58
\LTpost=\skip59
\LTchunksize=\count299
\LTcapwidth=\dimen183
\LT@head=\box57
\LT@firsthead=\box58
\LT@foot=\box59
\LT@lastfoot=\box60
\LT@gbox=\box61
\LT@cols=\count300
\LT@rows=\count301
\c@LT@tables=\count302
\c@LT@chunks=\count303
\LT@p@ftn=\toks25
)
(C:\Users\avash\AppData\Local\Programs\MiKTeX\tex/latex/caption\caption.sty
Package: caption 2023/08/05 v3.6o Customizing captions (AR)

(C:\Users\avash\AppData\Local\Programs\MiKTeX\tex/latex/caption\caption3.sty
Package: caption3 2023/07/31 v2.4d caption3 kernel (AR)
\caption@tempdima=\dimen184
\captionmargin=\dimen185
\caption@leftmargin=\dimen186
\caption@rightmargin=\dimen187
\caption@width=\dimen188
\caption@indent=\dimen189
\caption@parindent=\dimen190
\caption@hangindent=\dimen191
Package caption Info: Standard document class detected.
)
\c@caption@flags=\count304
\c@continuedfloat=\count305
Package caption Info: longtable package is loaded.

(C:\Users\avash\AppData\Local\Programs\MiKTeX\tex/latex/caption\ltcaption.sty
Package: ltcaption 2021/01/08 v1.4c longtable captions (AR)
)) (C:\Users\avash\AppData\Local\Programs\MiKTeX\tex/latex/setspace\setspace.st
y
Package: setspace 2022/12/04 v6.7b set line spacing
) (C:\Users\avash\AppData\Local\Programs\MiKTeX\tex/latex/fancyhdr\fancyhdr.sty
Package: fancyhdr 2025/02/07 v5.2 Extensive control of page headers and footers

\f@nch@headwidth=\skip60
\f@nch@offset@elh=\skip61
\f@nch@offset@erh=\skip62
\f@nch@offset@olh=\skip63
\f@nch@offset@orh=\skip64
\f@nch@offset@elf=\skip65
\f@nch@offset@erf=\skip66
\f@nch@offset@olf=\skip67
\f@nch@offset@orf=\skip68
\f@nch@height=\skip69
\f@nch@footalignment=\skip70
\f@nch@widthL=\skip71
\f@nch@widthC=\skip72
\f@nch@widthR=\skip73
\@temptokenb=\toks26
) (C:\Users\avash\AppData\Local\Programs\MiKTeX\tex/latex/float\float.sty
Package: float 2001/11/08 v1.3d Float enhancements (AL)
\c@float@type=\count306
\float@exts=\toks27
\float@box=\box62
\@float@everytoks=\toks28
\@floatcapt=\box63
)
(C:\Users\avash\AppData\Local\Programs\MiKTeX\tex/latex/hyperref\hyperref.sty
Package: hyperref 2025-07-12 v7.01o Hypertext links for LaTeX

(C:\Users\avash\AppData\Local\Programs\MiKTeX\tex/latex/kvsetkeys\kvsetkeys.sty
Package: kvsetkeys 2022-10-05 v1.19 Key value parser (HO)
)
(C:\Users\avash\AppData\Local\Programs\MiKTeX\tex/generic/kvdefinekeys\kvdefine
keys.sty
Package: kvdefinekeys 2019-12-19 v1.6 Define keys (HO)
)
(C:\Users\avash\AppData\Local\Programs\MiKTeX\tex/generic/pdfescape\pdfescape.s
ty
Package: pdfescape 2019/12/09 v1.15 Implements pdfTeX's escape features (HO)

(C:\Users\avash\AppData\Local\Programs\MiKTeX\tex/generic/ltxcmds\ltxcmds.sty
Package: ltxcmds 2023-12-04 v1.26 LaTeX kernel commands for general use (HO)
)
(C:\Users\avash\AppData\Local\Programs\MiKTeX\tex/generic/pdftexcmds\pdftexcmds
.sty
Package: pdftexcmds 2020-06-27 v0.33 Utility functions of pdfTeX for LuaTeX (HO
)

(C:\Users\avash\AppData\Local\Programs\MiKTeX\tex/generic/infwarerr\infwarerr.s
ty
Package: infwarerr 2019/12/03 v1.5 Providing info/warning/error messages (HO)
)
Package pdftexcmds Info: \pdf@primitive is available.
Package pdftexcmds Info: \pdf@ifprimitive is available.
Package pdftexcmds Info: \pdfdraftmode not found.
))
(C:\Users\avash\AppData\Local\Programs\MiKTeX\tex/latex/hycolor\hycolor.sty
Package: hycolor 2020-01-27 v1.10 Color options for hyperref/bookmark (HO)
)
(C:\Users\avash\AppData\Local\Programs\MiKTeX\tex/latex/hyperref\nameref.sty
Package: nameref 2025-06-21 v2.57 Cross-referencing by name of section

(C:\Users\avash\AppData\Local\Programs\MiKTeX\tex/latex/refcount\refcount.sty
Package: refcount 2019/12/15 v3.6 Data extraction from label references (HO)
)
(C:\Users\avash\AppData\Local\Programs\MiKTeX\tex/generic/gettitlestring\gettit
lestring.sty
Package: gettitlestring 2019/12/15 v1.6 Cleanup title references (HO)

(C:\Users\avash\AppData\Local\Programs\MiKTeX\tex/latex/kvoptions\kvoptions.sty
Package: kvoptions 2022-06-15 v3.15 Key value format for package options (HO)
))
\c@section@level=\count307
)
(C:\Users\avash\AppData\Local\Programs\MiKTeX\tex/latex/etoolbox\etoolbox.sty
Package: etoolbox 2025/10/02 v2.5m e-TeX tools for LaTeX (JAW)
\etb@tempcnta=\count308
)
(C:\Users\avash\AppData\Local\Programs\MiKTeX\tex/generic/stringenc\stringenc.s
ty
Package: stringenc 2019/11/29 v1.12 Convert strings between diff. encodings (HO
)
)
\@linkdim=\dimen192
\Hy@linkcounter=\count309
\Hy@pagecounter=\count310
 (C:\Users\avash\AppData\Local\Programs\MiKTeX\tex/latex/hyperref\pd1enc.def
File: pd1enc.def 2025-07-12 v7.01o Hyperref: PDFDocEncoding definition (HO)
) (C:\Users\avash\AppData\Local\Programs\MiKTeX\tex/generic/intcalc\intcalc.sty
Package: intcalc 2019/12/15 v1.3 Expandable calculations with integers (HO)
)
\Hy@SavedSpaceFactor=\count311
 (C:\Users\avash\AppData\Local\Programs\MiKTeX\tex/latex/hyperref\puenc.def
File: puenc.def 2025-07-12 v7.01o Hyperref: PDF Unicode definition (HO)
)
Package hyperref Info: Hyper figures OFF on input line 4195.
Package hyperref Info: Link nesting OFF on input line 4200.
Package hyperref Info: Hyper index ON on input line 4203.
Package hyperref Info: Plain pages OFF on input line 4210.
Package hyperref Info: Backreferencing OFF on input line 4215.
Package hyperref Info: Implicit mode ON; LaTeX internals redefined.
Package hyperref Info: Bookmarks ON on input line 4462.
\c@Hy@tempcnt=\count312

(C:\Users\avash\AppData\Local\Programs\MiKTeX\tex/latex/url\url.sty
\Urlmuskip=\muskip18
Package: url 2013/09/16  ver 3.4  Verb mode for urls, etc.
)
LaTeX Info: Redefining \url on input line 4801.
\XeTeXLinkMargin=\dimen193

(C:\Users\avash\AppData\Local\Programs\MiKTeX\tex/generic/bitset\bitset.sty
Package: bitset 2019/12/09 v1.3 Handle bit-vector datatype (HO)

(C:\Users\avash\AppData\Local\Programs\MiKTeX\tex/generic/bigintcalc\bigintcalc
.sty
Package: bigintcalc 2019/12/15 v1.5 Expandable calculations on big integers (HO
)
))
\Fld@menulength=\count313
\Field@Width=\dimen194
\Fld@charsize=\dimen195
Package hyperref Info: Hyper figures OFF on input line 6078.
Package hyperref Info: Link nesting OFF on input line 6083.
Package hyperref Info: Hyper index ON on input line 6086.
Package hyperref Info: backreferencing OFF on input line 6093.
Package hyperref Info: Link coloring OFF on input line 6098.
Package hyperref Info: Link coloring with OCG OFF on input line 6103.
Package hyperref Info: PDF/A mode OFF on input line 6108.
\Hy@abspage=\count314
\c@Item=\count315
\c@Hfootnote=\count316
)
Package hyperref Info: Driver (autodetected): hxetex.

(C:\Users\avash\AppData\Local\Programs\MiKTeX\tex/latex/hyperref\hxetex.def
File: hxetex.def 2025-07-12 v7.01o Hyperref driver for XeTeX
\pdfm@box=\box64
\c@Hy@AnnotLevel=\count317
\HyField@AnnotCount=\count318
\Fld@listcount=\count319
\c@bookmark@seq@number=\count320

(C:\Users\avash\AppData\Local\Programs\MiKTeX\tex/latex/rerunfilecheck\rerunfil
echeck.sty
Package: rerunfilecheck 2025-06-21 v1.11 Rerun checks for auxiliary files (HO)

(C:\Users\avash\AppData\Local\Programs\MiKTeX\tex/generic/uniquecounter\uniquec
ounter.sty
Package: uniquecounter 2019/12/15 v1.4 Provide unlimited unique counter (HO)
)
Package uniquecounter Info: New unique counter `rerunfilecheck' on input line 2
84.
)
\Hy@SectionHShift=\skip74
)
(C:\Users\avash\AppData\Local\Programs\MiKTeX\tex/latex/footmisc\footmisc.sty
Package: footmisc 2025/05/09 v7.0b a miscellany of footnote facilities
\FN@temptoken=\toks29
\footnotemargin=\dimen196
Package footmisc Info: Declaring symbol style bringhurst on input line 549.
Package footmisc Info: Declaring symbol style chicago on input line 557.
Package footmisc Info: Declaring symbol style wiley on input line 566.
Package footmisc Info: Declaring symbol style lamport-robust on input line 577.

Package footmisc Info: Declaring symbol style lamport* on input line 597.
Package footmisc Info: Declaring symbol style lamport*-robust on input line 618
.
)
(C:\Users\avash\AppData\Local\Programs\MiKTeX\tex/latex/enumitem\enumitem.sty
Package: enumitem 2025/02/06 v3.11 Customized lists
\labelindent=\skip75
\enit@outerparindent=\dimen197
\enit@toks=\toks30
\enit@inbox=\box65
\enit@count@id=\count321
\enitdp@description=\count322
)
(C:\Users\avash\AppData\Local\Programs\MiKTeX\tex/latex/makecell\makecell.sty
Package: makecell 2009/08/03 V0.1e Managing of Tab Column Heads and Cells
\rotheadsize=\dimen198
\c@nlinenum=\count323
\TeXr@lab=\toks31
)
(C:\Users\avash\AppData\Local\Programs\MiKTeX\tex/latex/xepersian\xepersian.sty
Package: xepersian 2025/09/08 v25.09.08 (Release Iran) Persian typesetting in X
eLaTeX
****************************************************
* 
* xepersian package (Persian for LaTeX format in XeTeX and LuaTeX engines)
* 
* Description: A convenient interface for typesetting Persian and
English documents with LaTeX format in XeTeX and LuaTeX engines.
* 
* Copyright (c) 2008--2025 Vafa Khalighi
* Copyright (c) 2018--2020 bidi-tex GitHub Organization
* 
* v25.09.08 (Release Iran), 2025/09/08
* 
* License: LaTeX Project Public License, version
* 1.3c or higher (your choice)
* 
* Location on CTAN: /macros/unicodetex/latex/xepersian
* 
* Issue tracker: https://github.com/xepersian/xepersian/issues
* 
* Primary author of xepersian package: Vafa Khalighi.
* 
****************************************************
(C:\Users\avash\AppData\Local\Programs\MiKTeX\tex/latex/fontspec\fontspec.sty
(C:\Users\avash\AppData\Local\Programs\MiKTeX\tex/latex/l3packages/xparse\xpars
e.sty
(C:\Users\avash\AppData\Local\Programs\MiKTeX\tex/latex/l3kernel\expl3.sty
Package: expl3 2025-11-06 L3 programming layer (loader) 

(C:\Users\avash\AppData\Local\Programs\MiKTeX\tex/latex/l3backend\l3backend-xet
ex.def
File: l3backend-xetex.def 2025-10-09 L3 backend support: XeTeX
\g__graphics_track_int=\count324
\g__pdfannot_backend_int=\count325
\g__pdfannot_backend_link_int=\count326
))
Package: xparse 2025-10-09 L3 Experimental document command parser
)
Package: fontspec 2025/09/29 v2.9g Font selection for XeLaTeX and LuaLaTeX

(C:\Users\avash\AppData\Local\Programs\MiKTeX\tex/latex/fontspec\fontspec-xetex
.sty
Package: fontspec-xetex 2025/09/29 v2.9g Font selection for XeLaTeX and LuaLaTe
X
\l__fontspec_script_int=\count327
\l__fontspec_language_int=\count328
\l__fontspec_strnum_int=\count329
\l__fontspec_tmp_int=\count330
\l__fontspec_tmpa_int=\count331
\l__fontspec_tmpb_int=\count332
\l__fontspec_tmpc_int=\count333
\l__fontspec_em_int=\count334
\l__fontspec_emdef_int=\count335
\l__fontspec_strong_int=\count336
\l__fontspec_strongdef_int=\count337
\l__fontspec_tmpa_dim=\dimen199
\l__fontspec_tmpb_dim=\dimen256
\l__fontspec_tmpc_dim=\dimen257
 (C:\Users\avash\AppData\Local\Programs\MiKTeX\tex/latex/base\fontenc.sty
Package: fontenc 2025/07/18 v2.1d Standard LaTeX package
)
(C:\Users\avash\AppData\Local\Programs\MiKTeX\tex/latex/fontspec\fontspec.cfg))
)
(C:\Users\avash\AppData\Local\Programs\MiKTeX\tex/latex/xepersian\unicode-persi
ancal.sty
Package: unicode-persiancal 2025/01/01 v0.3 Unicode Persian calendar
\XePersian@i=\count338
\XePersian@y=\count339
\XePersian@m=\count340
\XePersian@d=\count341
\XePersian@latini=\count342
\XePersian@persiani=\count343
\XePersian@latinii=\count344
\XePersian@persianii=\count345
\XePersian@latiniii=\count346
\XePersian@persianiii=\count347
\XePersian@latiniv=\count348
\XePersian@persianiv=\count349
\XePersian@latinv=\count350
\XePersian@persianv=\count351
\XePersian@latinvi=\count352
\XePersian@persianvi=\count353
\XePersian@latinvii=\count354
\XePersian@persianvii=\count355
\XePersian@latinviii=\count356
\XePersian@persianviii=\count357
\XePersian@latinix=\count358
\XePersian@persianix=\count359
\XePersian@latinx=\count360
\XePersian@persianx=\count361
\XePersian@latinxi=\count362
\XePersian@persianxi=\count363
\XePersian@latinxii=\count364
\XePersian@persianxii=\count365
\XePersian@persianxiii=\count366
\XePersian@temp=\count367
\XePersian@temptwo=\count368
\XePersian@tempthree=\count369
\XePersian@yModHundred=\count370
\XePersian@thirtytwo=\count371
\XePersian@dn=\count372
\XePersian@sn=\count373
\XePersian@mminusone=\count374
)
(C:\Users\avash\AppData\Local\Programs\MiKTeX\tex/latex/xepersian\unicode-persi
anmath.sty
Package: unicode-persianmath 2025/09/03 v1.2.4 Unicode Persian math
)
(C:\Users\avash\AppData\Local\Programs\MiKTeX\tex/latex/bidi\bidi.sty
Package: bidi 2025/10/28 v25.10.28 (Release Iran) Bidirectional typesetting in 
plain TeX and LaTeX

****************************************************
* 
* bidi package (Bidirectional typesetting with
* plain TeX and LaTeX formats in XeTeX and LuaTeX engines)
* 
* Description: A convenient interface for
* typesetting bidirectional texts in plain TeX
* and LaTeX. The package includes adaptations
* for use with many other commonly-used packages.
* 
* Copyright (c) 2007--2025 Vafa Khalighi
* Copyright (c) 2018--2020 bidi-tex GitHub organization
* 
* v25.10.28 (Release Iran), 2025/10/28
* 
* License: LaTeX Project Public License, version
* 1.3c or higher (your choice)
* 
* Location on CTAN: /macros/unicodetex/generic/bidi
* 
* Primary author of bidi package: Vafa Khalighi.
* 
****************************************************
(C:\Users\avash\AppData\Local\Programs\MiKTeX\tex/latex/bidi\biditools.sty
Package: biditools 2025/02/02 v2.7 Programming tools for bidi package
\@bidi@envbody=\toks32
\@bidi@emptytoks=\toks33
\bidi@poscount=\count375
\bidi@tempcountb=\count376
\bidi@temptoksa=\toks34
\bidi@temptoksb=\toks35
\bidi@dummies=\count377
\bidi@are@these@correct=\toks36
\bidi@toks@lista=\toks37
\bidi@toks@listb=\toks38
\bidi@stack@length=\count378
\bidi@empty@stack=\toks39
\bidi@looprepeat@depth=\count379
)
(C:\Users\avash\AppData\Local\Programs\MiKTeX\tex/latex/zref\zref-abspage.sty
Package: zref-abspage 2025-06-08 v2.36 Module abspage for zref (HO)

(C:\Users\avash\AppData\Local\Programs\MiKTeX\tex/latex/zref\zref-base.sty
Package: zref-base 2025-06-08 v2.36 Module base for zref (HO)

(C:\Users\avash\AppData\Local\Programs\MiKTeX\tex/generic/etexcmds\etexcmds.sty
Package: etexcmds 2019/12/15 v1.7 Avoid name clashes with e-TeX commands (HO)
) (C:\Users\avash\AppData\Local\Programs\MiKTeX\tex/latex/auxhook\auxhook.sty
Package: auxhook 2019-12-17 v1.6 Hooks for auxiliary files (HO)
)
Package zref Info: New property list: main on input line 767.
Package zref Info: New property: default on input line 768.
Package zref Info: New property: page on input line 769.
)
\c@abspage=\count380
Package zref Info: New property: abspage on input line 67.
)
\@bidi@copyins@=\insert252
\bidi@typesethour=\count381
\bidi@typesetminute=\count382

(C:\Users\avash\AppData\Local\Programs\MiKTeX\tex/latex/bidi\latex-xetex-bidi.d
ef
File: latex-xetex-bidi.def 2025/10/28 v1.5.4 bidi adaptations for `latex.ltx' f
or XeTeX engine
\bidi@n@everypar=\toks40
LaTeX Info: Redefining \centerline on input line 316.
LaTeX Info: Redefining \leftline on input line 325.
LaTeX Info: Redefining \rightline on input line 326.
LaTeX Info: Redefining \underline on input line 334.
\bidi@column@check@number=\count383

(C:\Users\avash\AppData\Local\Programs\MiKTeX\tex/latex/bidi\footnote-xetex-bid
i.def
File: footnote-xetex-bidi.def 2025/09/30 v1.6 bidi footnote macros for XeTeX en
gine
\c@footdir@label=\count384
\footdir@toks=\toks41
)
(C:\Users\avash\AppData\Local\Programs\MiKTeX\tex/latex/bidi\amsmath-xetex-bidi
.def
File: amsmath-xetex-bidi.def 2020/05/16 v1.2 bidi adaptations for amsmath packa
ge for XeTeX engine
)
(C:\Users\avash\AppData\Local\Programs\MiKTeX\tex/latex/bidi\amstext-xetex-bidi
.def
File: amstext-xetex-bidi.def 2016/09/12 v0.2 bidi adaptations for amstext packa
ge for XeTeX engine
)
(C:\Users\avash\AppData\Local\Programs\MiKTeX\tex/latex/bidi\array-xetex-bidi.d
ef
File: array-xetex-bidi.def 2025/09/11 v0.7 bidi adaptations for array package f
or XeTeX engine
)
(C:\Users\avash\AppData\Local\Programs\MiKTeX\tex/latex/bidi\caption-xetex-bidi
.def
File: caption-xetex-bidi.def 2010/07/25 v0.1 bidi adaptations for caption packa
ge for XeTeX engine
)
(C:\Users\avash\AppData\Local\Programs\MiKTeX\tex/latex/bidi\caption3-xetex-bid
i.def
File: caption3-xetex-bidi.def 2013/04/01 v0.1 bidi adaptations for caption3 pac
kage for XeTeX engine
)
(C:\Users\avash\AppData\Local\Programs\MiKTeX\tex/latex/bidi\fancyhdr-xetex-bid
i.def
File: fancyhdr-xetex-bidi.def 2025/09/03 v1.0 bidi adaptations for fancyhdr pac
kage for XeTeX engine
)
(C:\Users\avash\AppData\Local\Programs\MiKTeX\tex/latex/bidi\float-xetex-bidi.d
ef
File: float-xetex-bidi.def 2013/04/04 v0.2 bidi adaptations for float package f
or XeTeX engine
)
(C:\Users\avash\AppData\Local\Programs\MiKTeX\tex/latex/bidi\geometry-xetex-bid
i.def
File: geometry-xetex-bidi.def 2017/01/14 v0.2 bidi adaptations for geometry pac
kage for XeTeX engine
)
(C:\Users\avash\AppData\Local\Programs\MiKTeX\tex/latex/bidi\graphicx-xetex-bid
i.def
File: graphicx-xetex-bidi.def 2017/06/17 v0.5 bidi adaptations for graphicx pac
kage for XeTeX engine
)
(C:\Users\avash\AppData\Local\Programs\MiKTeX\tex/latex/bidi\hyperref-xetex-bid
i.def
File: hyperref-xetex-bidi.def 2025/01/05 v1.4 bidi adaptations for hyperref pac
kage for XeTeX engine
)
(C:\Users\avash\AppData\Local\Programs\MiKTeX\tex/latex/bidi\longtable-xetex-bi
di.def
File: longtable-xetex-bidi.def 2025/01/05 v0.8 bidi adaptations for longtable p
ackage for XeTeX engine
))
\bidi@digits=\count385
\bidi@digits@charclass=\XeTeXcharclass1
\bidi@sepmark@charclass=\XeTeXcharclass2
)
\xepersian@tcl=\count386
\xepersian@ilg=\dimen258
\xepersian@strutilg=\dimen259

(C:\Users\avash\AppData\Local\Programs\MiKTeX\tex/latex/xepersian\footnote-xete
x-bidi-xetex-xepersian.def
File: footnote-xetex-bidi-xetex-xepersian.def 2017/08/09 v0.6 xepersian adaptat
ions for footnotes for XeTeX engine
)
(C:\Users\avash\AppData\Local\Programs\MiKTeX\tex/latex/xepersian\report-xetex-
xepersian.def
File: report-xetex-xepersian.def 2010/07/25 v0.2 xepersian adaptations for repo
rt class for XeTeX engine
)
(C:\Users\avash\AppData\Local\Programs\MiKTeX\tex/latex/xepersian\enumitem-xete
x-xepersian.def
File: enumitem-xetex-xepersian.def 2017/09/06 v0.1 xepersian adaptations for en
umitem package for XeTeX engine
)
(C:\Users\avash\AppData\Local\Programs\MiKTeX\tex/latex/xepersian\hyperref-xete
x-xepersian.def
File: hyperref-xetex-xepersian.def 2022/10/30 v0.8 xepersian adaptations for hy
perref package for XeTeX engine
)
(C:\Users\avash\AppData\Local\Programs\MiKTeX\tex/latex/xepersian\url-xetex-xep
ersian.def
File: url-xetex-xepersian.def 2025/09/03 v0.2 xepersian adaptations for url pac
kage for XeTeX engine
)
\xepersian@toks=\toks42
)

Package fontspec Info: 
(fontspec)             Font family 'lmroman10-regular(0)' created for font
(fontspec)             'lmroman10-regular' with options
(fontspec)             [Ligatures=TeX,Path,BoldFont={lmroman10-bold},BoldItalic
Font={lmroman10-bolditalic},ItalicFont={lmroman10-italic},SmallCapsFont={lmroma
ncaps10-regular},SlantedFont={lmromanslant10-regular},BoldSlantedFont={lmromans
lant10-bold}].
(fontspec)              
(fontspec)              This font family consists of the following NFSS
(fontspec)             series/shapes:
(fontspec)              
(fontspec)             - 'normal' (m/n) with NFSS spec.:
(fontspec)             <->"[lmroman10-regular]/OT:script=latn;language=dflt;map
ping=tex-text;"
(fontspec)             - 'small caps'  (m/sc) with NFSS spec.:
(fontspec)             <->"[lmromancaps10-regular]/OT:script=latn;language=dflt
;mapping=tex-text;"
(fontspec)             - 'bold' (b/n) with NFSS spec.:
(fontspec)             <->"[lmroman10-bold]/OT:script=latn;language=dflt;mappin
g=tex-text;"
(fontspec)             - 'bold small caps'  (b/sc) with NFSS spec.:
(fontspec)             <->"[lmromancaps10-regular]/OT:script=latn;language=dflt
;mapping=tex-text;"
(fontspec)             - 'italic' (m/it) with NFSS spec.:
(fontspec)             <->"[lmroman10-italic]/OT:script=latn;language=dflt;mapp
ing=tex-text;"
(fontspec)             - 'italic small caps'  (m/scit) with NFSS spec.:
(fontspec)             <->"[lmromancaps10-regular]/OT:script=latn;language=dflt
;mapping=tex-text;"
(fontspec)             - 'slanted' (m/sl) with NFSS spec.:
(fontspec)             <->"[lmromanslant10-regular]/OT:script=latn;language=dfl
t;mapping=tex-text;"
(fontspec)             - 'slanted small caps'  (m/scsl) with NFSS spec.:
(fontspec)             <->"[lmromancaps10-regular]/OT:script=latn;language=dflt
;mapping=tex-text;"
(fontspec)             - 'bold italic' (b/it) with NFSS spec.:
(fontspec)             <->"[lmroman10-bolditalic]/OT:script=latn;language=dflt;
mapping=tex-text;"
(fontspec)             - 'bold italic small caps'  (b/scit) with NFSS spec.:
(fontspec)             <->"[lmromancaps10-regular]/OT:script=latn;language=dflt
;mapping=tex-text;"
(fontspec)             - 'bold slanted' (b/sl) with NFSS spec.:
(fontspec)             <->"[lmromanslant10-bold]/OT:script=latn;language=dflt;m
apping=tex-text;"
(fontspec)             - 'bold slanted small caps'  (b/scsl) with NFSS spec.:
(fontspec)             <->"[lmromancaps10-regular]/OT:script=latn;language=dflt
;mapping=tex-text;"


Package fontspec Info: 
(fontspec)             BNazanin scale = 1.22.


Package fontspec Info: 
(fontspec)             BNazanin scale = 1.22.


Package fontspec Info: 
(fontspec)             BNazaninBold scale = 1.22.


Package fontspec Info: 
(fontspec)             Font family 'BNazanin.ttf(0)' created for font
(fontspec)             'BNazanin.ttf' with options
(fontspec)             [RawFeature={script=arab},Ligatures=PersianTeX,Path=font
s/,BoldFont=BNazaninBold.ttf,Scale=1.22].
(fontspec)              
(fontspec)              This font family consists of the following NFSS
(fontspec)             series/shapes:
(fontspec)              
(fontspec)             - 'normal' (m/n) with NFSS spec.:
(fontspec)             <->s*[1.22]"[fonts/BNazanin.ttf]/OT:language=dflt;script
=arab;mapping=persian-tex-text;"
(fontspec)             - 'bold' (b/n) with NFSS spec.:
(fontspec)             <->s*[1.22]"[fonts/BNazaninBold.ttf]/OT:language=dflt;sc
ript=arab;mapping=persian-tex-text;"

LaTeX Font Info:    Font shape `TU/BNazanin.ttf(0)/m/n' will be
(Font)              scaled to size 14.64001pt on input line 65.

Package fontspec Info: 
(fontspec)             Font family 'TimesNewRoman(0)' created for font 'Times
(fontspec)             New Roman' with options [Ligatures=TeX].
(fontspec)              
(fontspec)              This font family consists of the following NFSS
(fontspec)             series/shapes:
(fontspec)              
(fontspec)             - 'normal' (m/n) with NFSS spec.: <->"Times New
(fontspec)             Roman/OT:script=latn;language=dflt;mapping=tex-text;"
(fontspec)             - 'small caps'  (m/sc) with NFSS spec.: <->"Times New
(fontspec)             Roman/OT:script=latn;language=dflt;+smcp;mapping=tex-tex
t;"
(fontspec)             - 'bold' (b/n) with NFSS spec.: <->"Times New
(fontspec)             Roman/B/OT:script=latn;language=dflt;mapping=tex-text;"
(fontspec)             - 'bold small caps'  (b/sc) with NFSS spec.: <->"Times
(fontspec)             New
(fontspec)             Roman/B/OT:script=latn;language=dflt;+smcp;mapping=tex-t
ext;"
(fontspec)             - 'italic' (m/it) with NFSS spec.: <->"Times New
(fontspec)             Roman/I/OT:script=latn;language=dflt;mapping=tex-text;"
(fontspec)             - 'italic small caps'  (m/scit) with NFSS spec.:
(fontspec)             <->"Times New
(fontspec)             Roman/I/OT:script=latn;language=dflt;+smcp;mapping=tex-t
ext;"
(fontspec)             - 'bold italic' (b/it) with NFSS spec.: <->"Times New
(fontspec)             Roman/BI/OT:script=latn;language=dflt;mapping=tex-text;"

(fontspec)             - 'bold italic small caps'  (b/scit) with NFSS spec.:
(fontspec)             <->"Times New
(fontspec)             Roman/BI/OT:script=latn;language=dflt;+smcp;mapping=tex-
text;"

LaTeX Info: Redefining \latinfont on input line 84.
Package hyperref Info: Option `unicode' set `true' on input line 101.
Package hyperref Info: Option `colorlinks' set `false' on input line 101.

(C:\Users\avash\AppData\Local\Programs\MiKTeX\tex/latex/bidi\report-xetex-bidi.
def
File: report-xetex-bidi.def 2025/09/30 v1.1 bidi adaptations for standard repor
t class for XeTeX engine
)
(C:\Users\avash\AppData\Local\Programs\MiKTeX\tex/latex/bidi\float-xetex-bidi.d
ef
File: float-xetex-bidi.def 2013/04/04 v0.2 bidi adaptations for float package f
or XeTeX engine
) (report.aux)
\openout1 = `report.aux'.

LaTeX Font Info:    Checking defaults for OML/cmm/m/it on input line 147.
LaTeX Font Info:    ... okay on input line 147.
LaTeX Font Info:    Checking defaults for OMS/cmsy/m/n on input line 147.
LaTeX Font Info:    ... okay on input line 147.
LaTeX Font Info:    Checking defaults for OT1/cmr/m/n on input line 147.
LaTeX Font Info:    ... okay on input line 147.
LaTeX Font Info:    Checking defaults for T1/cmr/m/n on input line 147.
LaTeX Font Info:    ... okay on input line 147.
LaTeX Font Info:    Checking defaults for TS1/cmr/m/n on input line 147.
LaTeX Font Info:    ... okay on input line 147.
LaTeX Font Info:    Checking defaults for TU/lmr/m/n on input line 147.
LaTeX Font Info:    ... okay on input line 147.
LaTeX Font Info:    Checking defaults for OMX/cmex/m/n on input line 147.
LaTeX Font Info:    ... okay on input line 147.
LaTeX Font Info:    Checking defaults for U/cmr/m/n on input line 147.
LaTeX Font Info:    ... okay on input line 147.
LaTeX Font Info:    Checking defaults for PD1/pdf/m/n on input line 147.
LaTeX Font Info:    ... okay on input line 147.
LaTeX Font Info:    Checking defaults for PU/pdf/m/n on input line 147.
LaTeX Font Info:    ... okay on input line 147.

*geometry* driver: auto-detecting
*geometry* detected driver: xetex
*geometry* verbose mode - [ preamble ] result:
* driver: xetex
* paper: a4paper
* layout: <same size as paper>
* layoutoffset:(h,v)=(0.0pt,0.0pt)
* modes: 
* h-part:(L,W,R)=(79.6678pt, 438.17227pt, 79.6678pt)
* v-part:(T,H,B)=(71.13188pt, 702.78308pt, 71.13188pt)
* \paperwidth=597.50787pt
* \paperheight=845.04684pt
* \textwidth=438.17227pt
* \textheight=702.78308pt
* \oddsidemargin=7.39781pt
* \evensidemargin=7.39781pt
* \topmargin=-42.1381pt
* \headheight=16.0pt
* \headsep=25.0pt
* \topskip=12.0pt
* \footskip=30.0pt
* \marginparwidth=35.0pt
* \marginparsep=10.0pt
* \columnsep=10.0pt
* \skip\footins=10.8pt plus 4.0pt minus 2.0pt
* \hoffset=0.0pt
* \voffset=0.0pt
* \mag=1000
* \@twocolumnfalse
* \@twosidefalse
* \@mparswitchfalse
* \@reversemarginfalse
* (1in=72.27pt=25.4mm, 1cm=28.453pt)

Package caption Info: Begin \AtBeginDocument code.
Package caption Info: float package is loaded.
Package caption Info: hyperref package is loaded.
Package caption Info: End \AtBeginDocument code.
Package hyperref Info: Link coloring OFF on input line 147.
(report.out) (report.out)
\@outlinefile=\write3
\openout3 = `report.out'.

File: images/converted/picture1.png Graphic file (type bmp)
<images/converted/picture1.png>
LaTeX Font Info:    Font shape `TU/BNazanin.ttf(0)/m/n' will be
(Font)              scaled to size 21.08162pt on input line 158.
LaTeX Font Info:    Font shape `TU/BNazanin.ttf(0)/b/n' will be
(Font)              scaled to size 21.08162pt on input line 158.
LaTeX Font Info:    Font shape `TU/BNazanin.ttf(0)/m/n' will be
(Font)              scaled to size 30.35362pt on input line 163.
LaTeX Font Info:    Font shape `TU/BNazanin.ttf(0)/b/n' will be
(Font)              scaled to size 30.35362pt on input line 163.
LaTeX Font Info:    Font shape `TU/BNazanin.ttf(0)/m/n' will be
(Font)              scaled to size 25.30283pt on input line 166.
LaTeX Font Info:    Font shape `TU/BNazanin.ttf(0)/b/n' will be
(Font)              scaled to size 25.30283pt on input line 166.
 [1

]
File: images/converted/image2.jpeg Graphic file (type bmp)
<images/converted/image2.jpeg>
LaTeX Font Info:    Trying to load font information for U+msa on input line 189
.

(C:\Users\avash\AppData\Local\Programs\MiKTeX\tex/latex/amsfonts\umsa.fd
File: umsa.fd 2013/01/14 v3.01 AMS symbols A
)
LaTeX Font Info:    Trying to load font information for U+msb on input line 189
.

(C:\Users\avash\AppData\Local\Programs\MiKTeX\tex/latex/amsfonts\umsb.fd
File: umsb.fd 2013/01/14 v3.01 AMS symbols B
)
LaTeX Font Info:    Font shape `TU/BNazanin.ttf(0)/m/n' will be
(Font)              scaled to size 12.20001pt on input line 189.
LaTeX Font Info:    Font shape `TU/BNazanin.ttf(0)/m/n' will be
(Font)              scaled to size 8.54001pt on input line 189.
LaTeX Font Info:    Font shape `TU/BNazanin.ttf(0)/b/n' will be
(Font)              scaled to size 14.64001pt on input line 190.

[1]
Overfull \hbox (4.28pt too wide) in paragraph at lines 198--199
[][]\TU/BNazanin.ttf(0)/b/n/12 کلمات کلیدی: \TU/BNazanin.ttf(0)/m/n/12 شناسایی 
زبان، پردازش زبان طبیعی، پردازش گفتار، یادگیری ماشین، طبقه‌بندی،[]
 []

[2] (report.toc [3


] [4] [5] [6])
\tf@toc=\write4
\openout4 = `report.toc'.

 [7] (report.lof)
\tf@lof=\write5
\openout5 = `report.lof'.

 [8


] (report.lot)
\tf@lot=\write6
\openout6 = `report.lot'.

 [9


]
LaTeX Font Info:    Font shape `TU/BNazanin.ttf(0)/m/n' will be
(Font)              scaled to size 17.56801pt on input line 222.
 [1


]
LaTeX Font Info:    Font shape `TU/BNazanin.ttf(0)/m/n' will be
(Font)              scaled to size 13.35901pt on input line 268.

[2

]
Overfull \hbox (0.34982pt too wide) in paragraph at lines 276--277
[][] \TU/BNazanin.ttf(0)/b/n/12 چگونه می‌توان با استفاده از ویژگی‌های متنی و وی
ژگی‌های عددی استخراج‌شده[]
 []

File: images/converted/problem_statement_language_identification.png Graphic fi
le (type bmp)
<images/converted/problem_statement_language_identification.png>
[3]
Overfull \hbox (6.29582pt too wide) in paragraph at lines 297--298
[][]\TU/BNazanin.ttf(0)/m/n/12 در هر مسیر، چهار خانواده مستقل از الگوریتم‌های ط
بقه‌بندی و چهار خانواده مستقل از الگوریتم‌های[]
 []

LaTeX Font Info:    Font shape `TU/BNazanin.ttf(0)/b/n' will be
(Font)              scaled to size 17.56801pt on input line 313.
[4] [5] [6]
Overfull \hbox (0.93256pt too wide) in paragraph at lines 482--489
[][]\TU/BNazanin.ttf(0)/m/n/12 کدهای قابل استفاده مجدد در ساختار []\TU/lmtt/m/n
/12 src/[] \TU/BNazanin.ttf(0)/m/n/12 قرار دارند. اسکریپت‌های اجرایی در پوشه []
\TU/lmtt/m/n/12 scripts/[][]
 []

[7] [8] [9] [10] [11] [12

]
LaTeX Font Info:    Font shape `TU/BNazanin.ttf(0)/m/n' will be
(Font)              scaled to size 9.76001pt on input line 778.
 [13

] [14] [15] [16] [17]
Overfull \hbox (2.76448pt too wide) in paragraph at lines 1058--1059
[][]\TU/BNazanin.ttf(0)/m/n/12 خانواده ویژگی‌های صوتی مورد استفاده در ادامه معر
فی می‌شوند و تعداد و ساختار دقیق ویژگی‌های[]
 []

[18] [19] [20] [21] [22] [23]
LaTeX Font Info:    Font shape `TU/BNazanin.ttf(0)/m/n' will be
(Font)              scaled to size 7.32pt on input line 1486.
 [24] [25] [26] [27] [28] [29] [30] [31] [32]
Overfull \hbox (8.70035pt too wide) in paragraph at lines 2092--2095
[]\TU/BNazanin.ttf(0)/m/n/12 در بخش خوشه‌بندی، از []\TU/TimesNewRoman(0)/m/n/12
 Adjusted Rand Index[] \TU/BNazanin.ttf(0)/m/n/12 برای مقایسه ساختار خوشه‌های ا
یجادشده با برچسب‌های[]
 []

[33] [34] [35

] [36

] [37] [38] [39] [40]
Overfull \hbox (13.69894pt too wide) in paragraph at lines 2607--2608
[][][]\TU/lmtt/m/n/12 artifacts/text/preprocessing/cleaning_counts.csv[] \TU/BN
azanin.ttf(0)/m/n/12 برای تعداد نمونه‌ها در مراحل[]
 []

[41]
Overfull \hbox (6.91304pt too wide) in paragraph at lines 2611--2612
[][][]\TU/lmtt/m/n/12 artifacts/text/features/training_vectorizer.joblib[] \TU/
BNazanin.ttf(0)/m/n/12 برای خط لوله پاک‌سازی[]
 []


Overfull \hbox (3.54236pt too wide) in paragraph at lines 2613--2614
[][][]\TU/lmtt/m/n/12 artifacts/text/features/training_feature_selector.joblib[
] \TU/BNazanin.ttf(0)/m/n/12 برای انتخاب‌گر[]
 []


Overfull \hbox (1.7144pt too wide) in paragraph at lines 2615--2616
[][][]\TU/lmtt/m/n/12 artifacts/text/features/feature_statistics.json[] \TU/BNa
zanin.ttf(0)/m/n/12 برای تنظیمات و ابعاد واقعی[]
 []

[42] [43] [44] [45] [46] [47] [48] [49] [50

] [51

] [52] [53] [54]
Overfull \hbox (3.68665pt too wide) in paragraph at lines 3384--3387
[][]\TU/BNazanin.ttf(0)/m/n/12 برای تنظیم ابرپارامترها و انتخاب مدل، اعتبارسنجی
 متقاطع طبقه‌بندی‌شده و گروه‌آگاه پنج‌قسمتی[]
 []

[55] [56]
LaTeX Font Info:    Font shape `TU/BNazanin.ttf(0)/b/n' will be
(Font)              scaled to size 13.35901pt on input line 3566.
 [57] [58] [59]
File: D:/University of Tehran/term 8/language-identification/artifacts/text/cla
ssification/plots/logistic_regression_confusion_matrix.png Graphic file (type b
mp)
<D:/University of Tehran/term 8/language-identification/artifacts/text/classifi
cation/plots/logistic_regression_confusion_matrix.png>
 [60]
File: D:/University of Tehran/term 8/language-identification/artifacts/text/cla
ssification/plots/knn_confusion_matrix.png Graphic file (type bmp)
<D:/University of Tehran/term 8/language-identification/artifacts/text/classifi
cation/plots/knn_confusion_matrix.png>
File: D:/University of Tehran/term 8/language-identification/artifacts/text/cla
ssification/plots/decision_tree_confusion_matrix.png Graphic file (type bmp)
<D:/University of Tehran/term 8/language-identification/artifacts/text/classifi
cation/plots/decision_tree_confusion_matrix.png>
 [61]
File: D:/University of Tehran/term 8/language-identification/artifacts/text/cla
ssification/plots/multinomial_nb_confusion_matrix.png Graphic file (type bmp)
<D:/University of Tehran/term 8/language-identification/artifacts/text/classifi
cation/plots/multinomial_nb_confusion_matrix.png>
 [62] [63] [64] [65] [66] [67]
File: D:/University of Tehran/term 8/language-identification/artifacts/text/clu
stering/plots/kmeans_clusters.png Graphic file (type bmp)
<D:/University of Tehran/term 8/language-identification/artifacts/text/clusteri
ng/plots/kmeans_clusters.png>
 [68]
File: D:/University of Tehran/term 8/language-identification/artifacts/text/clu
stering/plots/dbscan_clusters.png Graphic file (type bmp)
<D:/University of Tehran/term 8/language-identification/artifacts/text/clusteri
ng/plots/dbscan_clusters.png>
 [69]
File: D:/University of Tehran/term 8/language-identification/artifacts/text/clu
stering/plots/agglomerative_clusters.png Graphic file (type bmp)
<D:/University of Tehran/term 8/language-identification/artifacts/text/clusteri
ng/plots/agglomerative_clusters.png>

[70]
File: D:/University of Tehran/term 8/language-identification/artifacts/text/clu
stering/plots/gaussian_mixture_clusters.png Graphic file (type bmp)
<D:/University of Tehran/term 8/language-identification/artifacts/text/clusteri
ng/plots/gaussian_mixture_clusters.png>
 [71] [72] [73] [74] [75]
Overfull \hbox (11.07216pt too wide) in paragraph at lines 4691--4697
[]\TU/BNazanin.ttf(0)/m/n/12 تعیین شده است. در طبقه‌بندی، مدل‌های []\TU/TimesNe
wRoman(0)/m/n/12 Logistic Regression[]\TU/BNazanin.ttf(0)/m/n/12 ، []\TU/TimesN
ewRoman(0)/m/n/12 RBF SVM[] \TU/BNazanin.ttf(0)/m/n/12 و []\TU/TimesNewRoman(0)
/m/n/12 K-Nearest Neighbours[][]
 []

[76]
Overfull \hbox (11.89305pt too wide) in paragraph at lines 4753--4756
[][]\TU/BNazanin.ttf(0)/m/n/12 برای تنظیم ابرپارامترها و انتخاب طبقه‌بند، اعتبا
رسنجی متقاطع لایه‌بندی‌شده و گروه‌آگاه سه‌قسمتی[]
 []

[77] [78] [79] [80]
Overfull \hbox (35.8906pt too wide) in paragraph at lines 4995--5002
[][]\TU/BNazanin.ttf(0)/m/n/12 مدل []\TU/TimesNewRoman(0)/m/n/12 K-Nearest Neig
hbours[] \TU/BNazanin.ttf(0)/m/n/12 با مقدار میانگین []\TU/TimesNewRoman(0)/m/n
/12 CV Macro F1=0.96622[] \TU/BNazanin.ttf(0)/m/n/12 براساس قاعده ازپیش‌تعیین‌ش
ده[]
 []

[81]
File: D:/University of Tehran/term 8/language-identification/artifacts/speech/c
lassification/plots/knn_confusion_matrix.png Graphic file (type bmp)
<D:/University of Tehran/term 8/language-identification/artifacts/speech/classi
fication/plots/knn_confusion_matrix.png>
 [82] [83] [84] [85] [86] [87]
Overfull \hbox (3.61096pt too wide) in paragraph at lines 5531--5539
[][]\TU/BNazanin.ttf(0)/m/n/12 در مقابل، []\TU/TimesNewRoman(0)/m/n/12 K-Means[
] \TU/BNazanin.ttf(0)/m/n/12 بیشترین مقادیر خارجی []\TU/TimesNewRoman(0)/m/n/12
 ARI=0.49828[]\TU/BNazanin.ttf(0)/m/n/12 ، []\TU/TimesNewRoman(0)/m/n/12 NMI=0.
67312[] \TU/BNazanin.ttf(0)/m/n/12 و []\TU/TimesNewRoman(0)/m/n/12 Purity=0.902
78[][]
 []

[88]
File: D:/University of Tehran/term 8/language-identification/artifacts/speech/c
lustering/plots/kmeans_clusters.png Graphic file (type bmp)
<D:/University of Tehran/term 8/language-identification/artifacts/speech/cluste
ring/plots/kmeans_clusters.png>
File: D:/University of Tehran/term 8/language-identification/artifacts/speech/c
lustering/plots/dbscan_clusters.png Graphic file (type bmp)
<D:/University of Tehran/term 8/language-identification/artifacts/speech/cluste
ring/plots/dbscan_clusters.png>
 [89]
File: D:/University of Tehran/term 8/language-identification/artifacts/speech/c
lustering/plots/agglomerative_clusters.png Graphic file (type bmp)
<D:/University of Tehran/term 8/language-identification/artifacts/speech/cluste
ring/plots/agglomerative_clusters.png>
 [90]
File: D:/University of Tehran/term 8/language-identification/artifacts/speech/c
lustering/plots/gaussian_mixture_clusters.png Graphic file (type bmp)
<D:/University of Tehran/term 8/language-identification/artifacts/speech/cluste
ring/plots/gaussian_mixture_clusters.png>
 [91] [92] [93] [94] [95] [96

] [97

] [98] [99] [100] [101]
[102

] [103

] [104]
File: images/converted/picture1.png Graphic file (type bmp)
<images/converted/picture1.png>
 [105

] (report.aux)
 ***********
LaTeX2e <2025-11-01>
L3 programming layer <2025-11-06>
 ***********
Package rerunfilecheck Info: File `report.out' has not changed.
(rerunfilecheck)             Checksum: B238B5F76DED0A9EB22AC4855CD2783A;33940.
 ) 
Here is how much of TeX's memory you used:
 17957 strings out of 402987
 377725 string characters out of 5448523
 837846 words of memory out of 5000000
 46347 multiletter control sequences out of 15000+600000
 637975 words of font info for 136 fonts, out of 8000000 for 9000
 1348 hyphenation exceptions out of 8191
 88i,13n,93p,1185b,611s stack positions out of 10000i,1000n,20000p,200000b,200000s

Output written on report.pdf (115 pages).
